feature@org.eclipse.osee.client.ote.feature=SVN,branches/MS_0_9_4_20100329,https://dev.eclipse.org/svnroot/technology/org.eclipse.osee,,features/org.eclipse.osee.client.ote.feature

plugin@org.eclipse.osee.framework.ui.workspacebundleloader=SVN,branches/MS_0_9_4_20100329,https://dev.eclipse.org/svnroot/technology/org.eclipse.osee,,plugins/org.eclipse.osee.framework.ui.workspacebundleloader
plugin@org.eclipse.osee.ote.client=SVN,branches/MS_0_9_4_20100329,https://dev.eclipse.org/svnroot/technology/org.eclipse.osee,,plugins/org.eclipse.osee.ote.client
plugin@org.eclipse.osee.ote.client.msg=SVN,branches/MS_0_9_4_20100329,https://dev.eclipse.org/svnroot/technology/org.eclipse.osee,,plugins/org.eclipse.osee.ote.client.msg
plugin@org.eclipse.osee.ote.connection.jini=SVN,branches/MS_0_9_4_20100329,https://dev.eclipse.org/svnroot/technology/org.eclipse.osee,,plugins/org.eclipse.osee.ote.connection.jini
plugin@org.eclipse.osee.ote.connection.service=SVN,branches/MS_0_9_4_20100329,https://dev.eclipse.org/svnroot/technology/org.eclipse.osee,,plugins/org.eclipse.osee.ote.connection.service
plugin@org.eclipse.osee.ote.core=SVN,branches/MS_0_9_4_20100329,https://dev.eclipse.org/svnroot/technology/org.eclipse.osee,,plugins/org.eclipse.osee.ote.core
plugin@org.eclipse.osee.ote.message=SVN,branches/MS_0_9_4_20100329,https://dev.eclipse.org/svnroot/technology/org.eclipse.osee,,plugins/org.eclipse.osee.ote.message
plugin@org.eclipse.osee.ote.messaging.dds=SVN,branches/MS_0_9_4_20100329,https://dev.eclipse.org/svnroot/technology/org.eclipse.osee,,plugins/org.eclipse.osee.ote.messaging.dds
plugin@org.eclipse.osee.ote.runtimeManager=SVN,branches/MS_0_9_4_20100329,https://dev.eclipse.org/svnroot/technology/org.eclipse.osee,,plugins/org.eclipse.osee.ote.runtimeManager
plugin@org.eclipse.osee.ote.ui=SVN,branches/MS_0_9_4_20100329,https://dev.eclipse.org/svnroot/technology/org.eclipse.osee,,plugins/org.eclipse.osee.ote.ui
plugin@org.eclipse.osee.ote.ui.host.cmd=SVN,branches/MS_0_9_4_20100329,https://dev.eclipse.org/svnroot/technology/org.eclipse.osee,,plugins/org.eclipse.osee.ote.ui.host.cmd
plugin@org.eclipse.osee.ote.ui.markers=SVN,branches/MS_0_9_4_20100329,https://dev.eclipse.org/svnroot/technology/org.eclipse.osee,,plugins/org.eclipse.osee.ote.ui.markers
plugin@org.eclipse.osee.ote.ui.mux=SVN,branches/MS_0_9_4_20100329,https://dev.eclipse.org/svnroot/technology/org.eclipse.osee,,plugins/org.eclipse.osee.ote.ui.mux
plugin@org.eclipse.osee.ote.ui.test.manager=SVN,branches/MS_0_9_4_20100329,https://dev.eclipse.org/svnroot/technology/org.eclipse.osee,,plugins/org.eclipse.osee.ote.ui.test.manager
